argv_sha256=bcb714a1993b75ce93749a7ad6d80fd74b4daf48a2b51b19c5eb646e9f41b054
test_build_command_contract_includes_cpu_cuda_and_sm86_suites (tests.test_run_tacker_phase4.CommandAndBaselineWinnerTests) ... ok
test_in_place_extensions_are_sealed_inputs_not_journal_publications (tests.test_run_tacker_phase4.CommandAndBaselineWinnerTests) ... ok
test_leaf_candidate_command_is_bound_to_sealed_profile_and_matrix (tests.test_run_tacker_phase4.CommandAndBaselineWinnerTests) ... ok
test_phase31_replay_uses_the_identity_sealed_source_root (tests.test_run_tacker_phase4.CommandAndBaselineWinnerTests) ... ok
test_render_and_quality_commands_preserve_owned_protocol_flags (tests.test_run_tacker_phase4.CommandAndBaselineWinnerTests) ... ok
test_selection_metadata_consumes_finite_resource_measurements (tests.test_run_tacker_phase4.CommandAndBaselineWinnerTests) ... ok
test_selection_stage_allows_baseline_winner_and_emits_no_profile (tests.test_run_tacker_phase4.CommandAndBaselineWinnerTests) ... ok
test_bootstrap_binding_path_names_the_compiled_application_source (tests.test_run_tacker_phase4.DryRunAndCliTests) ... ok
test_cli_rejects_noncanonical_pin_wrong_gpu_and_short_long_run (tests.test_run_tacker_phase4.DryRunAndCliTests) ... ok
test_cli_requires_exactly_two_generalization_specs (tests.test_run_tacker_phase4.DryRunAndCliTests) ... ok
test_dry_run_is_deterministic_and_invokes_zero_subprocesses (tests.test_run_tacker_phase4.DryRunAndCliTests) ... ok
test_dry_run_plan_output_is_no_clobber (tests.test_run_tacker_phase4.DryRunAndCliTests) ... ok
test_safe_command_rejects_phase31_generation_entry_points (tests.test_run_tacker_phase4.DryRunAndCliTests) ... ok
test_admission_accepts_baseline_without_manufacturing_profile (tests.test_run_tacker_phase4.GateValidationTests) ... ok
test_admission_tacker_requires_enabled_profile_and_full_abi_binding (tests.test_run_tacker_phase4.GateValidationTests) ... ok
test_formal_requires_exact_sealed_order_and_ten_by_fifty_contract (tests.test_run_tacker_phase4.GateValidationTests) ... ok
test_leaf_bundle_binds_candidate_matrix_resources_and_measurements (tests.test_run_tacker_phase4.GateValidationTests) ... ok
test_leaf_failure_schema_matches_legacy_or_finalist_producer (tests.test_run_tacker_phase4.GateValidationTests) ... ok
test_quality_accepts_aligned_legacy_reference_and_tacker (tests.test_run_tacker_phase4.GateValidationTests) ... ok
test_quality_rejects_fallback_threshold_and_view_order (tests.test_run_tacker_phase4.GateValidationTests) ... ok
test_new_run_never_appends_to_existing_directory (tests.test_run_tacker_phase4.JournalTests) ... ok
test_resume_rejects_checkpoint_result_tampering (tests.test_run_tacker_phase4.JournalTests) ... ok
test_resume_rejects_stage_input_hash_change (tests.test_run_tacker_phase4.JournalTests) ... ok
test_resume_reuses_hash_bound_stage_and_rejects_tampering (tests.test_run_tacker_phase4.JournalTests) ... ok
test_canonical_sealed_inputs_and_a6000_environment_are_explicit (tests.test_tacker_qualification_script.TackerQualificationScriptContractTest) ... ok
test_exactly_two_distinct_generalization_workloads_are_bound (tests.test_tacker_qualification_script.TackerQualificationScriptContractTest) ... ok
test_primary_and_sequence_contracts_are_explicit (tests.test_tacker_qualification_script.TackerQualificationScriptContractTest) ... ok
test_script_is_executable_and_has_valid_bash_syntax (tests.test_tacker_qualification_script.TackerQualificationScriptContractTest) ... ok
test_wrapper_does_not_generate_or_overwrite_profiles (tests.test_tacker_qualification_script.TackerQualificationScriptContractTest) ... ok
test_wrapper_is_fail_closed_and_delegates_to_phase4_runner (tests.test_tacker_qualification_script.TackerQualificationScriptContractTest) ... ok
test_all_modes_use_the_same_call_site_synchronization_boundary (tests.test_profile_render_modes.ProfileRenderModeContractTest) ... ok
test_bootstrap_execution_bytes_are_consumed_and_reverified (tests.test_profile_render_modes.ProfileRenderModeContractTest) ... ok
test_capture_seals_raster_head_and_simple_knn_artifacts (tests.test_profile_render_modes.ProfileRenderModeContractTest) ... ok
test_clean_submodule_status_keeps_full_gitlink_commit (tests.test_profile_render_modes.ProfileRenderModeContractTest) ... ok
test_cli_seals_inputs_before_heavy_import_and_config_execution (tests.test_profile_render_modes.ProfileRenderModeContractTest) ... ok
test_default_remains_serial_and_tacker_is_explicit (tests.test_profile_render_modes.ProfileRenderModeContractTest) ... ok
test_each_trial_has_independent_wall_and_cuda_boundaries (tests.test_profile_render_modes.ProfileRenderModeContractTest) ... ok
test_environment_and_source_provenance_are_best_effort (tests.test_profile_render_modes.ProfileRenderModeContractTest) ... ok
test_first_party_source_enumeration_covers_transitive_packages (tests.test_profile_render_modes.ProfileRenderModeContractTest) ... ok
test_metadata_records_fallback_qualification_and_trial_statistics (tests.test_profile_render_modes.ProfileRenderModeContractTest) ... ok
test_missing_profile_absence_is_sealed_and_reverified (tests.test_profile_render_modes.ProfileRenderModeContractTest) ... ok
test_multi_trial_metadata_binds_one_physical_execution_state (tests.test_profile_render_modes.ProfileRenderModeContractTest) ... ok
test_normal_render_cli_is_also_fail_closed_and_serial_by_default (tests.test_profile_render_modes.ProfileRenderModeContractTest) ... ok
test_normal_render_prepares_pipeline_before_fps_timer (tests.test_profile_render_modes.ProfileRenderModeContractTest) ... ok
test_one_setup_and_warmup_precede_all_measured_trials (tests.test_profile_render_modes.ProfileRenderModeContractTest) ... ok
test_percentile_and_trial_aggregation_helpers (tests.test_profile_render_modes.ProfileRenderModeContractTest) ... ok
test_post_run_verifier_includes_loaded_private_binaries (tests.test_profile_render_modes.ProfileRenderModeContractTest) ... ok
test_production_cli_requires_stable_fd_bootstrap (tests.test_profile_render_modes.ProfileRenderModeContractTest) ... ok
test_profile_hash_uses_the_same_snapshot_as_runtime_dispatch (tests.test_profile_render_modes.ProfileRenderModeContractTest) ... ok
test_profile_resolution_scale_contract_and_rounding (tests.test_profile_render_modes.ProfileRenderModeContractTest) ... ok
test_provenance_is_snapshotted_before_warmup_and_timed_trials (tests.test_profile_render_modes.ProfileRenderModeContractTest) ... ok
test_python_37_grammar (tests.test_profile_render_modes.ProfileRenderModeContractTest) ... ok
test_recursive_config_executes_snapshot_bytes_and_drift_fails_closed (tests.test_profile_render_modes.ProfileRenderModeContractTest) ... ok
test_renderer_setup_is_outside_profiled_render_loop (tests.test_profile_render_modes.ProfileRenderModeContractTest) ... ok
test_resolution_one_is_zero_copy_and_scaled_view_preserves_camera (tests.test_profile_render_modes.ProfileRenderModeContractTest) ... ok
test_sealed_source_loader_retains_original_file_location (tests.test_profile_render_modes.ProfileRenderModeContractTest) ... ok
test_snapshot_and_internal_are_an_indivisible_pair (tests.test_profile_render_modes.ProfileRenderModeContractTest) ... ok
test_snapshot_finder_blocks_unsealed_first_party_lazy_imports (tests.test_profile_render_modes.ProfileRenderModeContractTest) ... ok
test_snapshot_pair_rejects_internal_byte_tampering (tests.test_profile_render_modes.ProfileRenderModeContractTest) ... ok
test_source_commit_environment_fallback_without_git_tree (tests.test_profile_render_modes.ProfileRenderModeContractTest) ... ok
test_symlinks_and_atomic_replacement_fail_the_file_seal (tests.test_profile_render_modes.ProfileRenderModeContractTest) ... ok
test_timing_contract_keeps_legacy_fields (tests.test_profile_render_modes.ProfileRenderModeContractTest) ... ok
test_trials_cli_is_positive_and_defaults_to_one (tests.test_profile_render_modes.ProfileRenderModeContractTest) ... ok
test_additional_benchmark_candidates_must_use_tacker_mode (tests.test_tacker_admission.AdmissionV2Tests) ... ok
test_additional_tacker_requires_kernel_numerics (tests.test_tacker_admission.AdmissionV2Tests) ... ok
test_baseline_winner_passes_report_without_writing_tacker_profile (tests.test_tacker_admission.AdmissionV2Tests) ... ok
test_benchmark_name_breaks_exact_fps_and_equivalence_ties (tests.test_tacker_admission.AdmissionV2Tests) ... ok
test_benchmark_requires_frozen_ten_by_fifty_protocol (tests.test_tacker_admission.AdmissionV2Tests) ... ok
test_benchmark_requires_stable_environment_and_source_hashes (tests.test_tacker_admission.AdmissionV2Tests) ... ok
test_benchmark_schedule_and_run_order_are_sealed (tests.test_tacker_admission.AdmissionV2Tests) ... ok
test_candidate_profile_loader_rejects_nonfinite_anywhere (tests.test_tacker_admission.AdmissionV2Tests) ... ok
test_candidate_profile_rejects_runtime_invalid_source (tests.test_tacker_admission.AdmissionV2Tests) ... ok
test_cli_loads_additional_candidate_profile_and_checks_file_hash (tests.test_tacker_admission.AdmissionV2Tests) ... ok
test_cli_migrates_sha_bound_enabled_v1_current_profile (tests.test_tacker_admission.AdmissionV2Tests) ... ok
test_empty_variant_and_invalid_resources_fail_before_profile_write (tests.test_tacker_admission.AdmissionV2Tests) ... ok
test_equivalence_fraction_is_inclusive_only_at_half_percent (tests.test_tacker_admission.AdmissionV2Tests) ... ok
test_equivalent_candidates_use_stable_resource_preference (tests.test_tacker_admission.AdmissionV2Tests) ... ok
test_every_tacker_trial_identity_is_bound_to_source_profile (tests.test_tacker_admission.AdmissionV2Tests) ... ok
test_fastest_correctness_invalid_candidate_is_excluded (tests.test_tacker_admission.AdmissionV2Tests) ... ok
test_formal_bootstrap_contract_prevents_one_sample_false_promotion (tests.test_tacker_admission.AdmissionV2Tests) ... ok
test_formal_nullable_fields_must_be_explicit (tests.test_tacker_admission.AdmissionV2Tests) ... ok
test_incumbent_is_retained_when_bootstrap_lower_does_not_exceed_one (tests.test_tacker_admission.AdmissionV2Tests) ... ok
test_incumbent_promotion_succeeds_at_one_percent_with_ci_above_one (tests.test_tacker_admission.AdmissionV2Tests) ... ok
test_invalid_extra_tacker_still_requires_runtime_descriptor (tests.test_tacker_admission.AdmissionV2Tests) ... ok
test_invalid_incumbent_equivalence_never_drops_below_two_stream (tests.test_tacker_admission.AdmissionV2Tests) ... ok
test_legacy_single_run_api_is_read_only (tests.test_tacker_admission.AdmissionV2Tests) ... ok
test_only_optional_simple_knn_wrapper_may_have_null_source_hash (tests.test_tacker_admission.AdmissionV2Tests) ... ok
test_only_phase0_may_fallback_to_legacy_current_descriptor (tests.test_tacker_admission.AdmissionV2Tests) ... ok
test_prefiltered_benchmark_may_omit_invalid_candidate_trials (tests.test_tacker_admission.AdmissionV2Tests) ... ok
test_prefiltered_benchmark_requires_measured_valid_baselines (tests.test_tacker_admission.AdmissionV2Tests) ... ok
test_prefiltered_descriptor_resources_do_not_change_selector_tie (tests.test_tacker_admission.AdmissionV2Tests) ... ok
test_prefiltered_invalid_incumbent_needs_no_trials_or_bootstrap (tests.test_tacker_admission.AdmissionV2Tests) ... ok
test_prefiltered_selector_output_is_required_and_fully_sealed (tests.test_tacker_admission.AdmissionV2Tests) ... ok
test_profile_hash_is_stable_and_seals_trials_and_winner (tests.test_tacker_admission.AdmissionV2Tests) ... ok
test_qualification_mode_is_derived_from_source_deployment (tests.test_tacker_admission.AdmissionV2Tests) ... ok
test_quality_failure_and_tampered_runtime_descriptor_fail_closed (tests.test_tacker_admission.AdmissionV2Tests) ... ok
test_run_profile_identity_and_provenance_are_bound_to_candidate (tests.test_tacker_admission.AdmissionV2Tests) ... ok
test_schema2_finalist_measurement_triplet_is_accepted (tests.test_tacker_admission.AdmissionV2Tests) ... ok
test_slow_raster_and_slow_leaf_are_diagnostics_not_gates (tests.test_tacker_admission.AdmissionV2Tests) ... ok
test_two_stream_floor_overrides_retained_slower_incumbent (tests.test_tacker_admission.AdmissionV2Tests) ... ok
test_v2_current_profile_becomes_the_next_incumbent (tests.test_tacker_admission.AdmissionV2Tests) ... ok
test_whole_run_summary_or_ranking_tamper_fails_closed (tests.test_tacker_admission.AdmissionV2Tests) ... ok
test_baseline_winner_does_not_touch_existing_profile_target (tests.test_tacker_admission.OutputContractTests) ... ok
test_outputs_are_atomic_finite_and_template_cannot_be_clobbered (tests.test_tacker_admission.OutputContractTests) ... ok
test_all_c1_and_one_c2_descriptors_pass_generic_admission_contract (tests.test_tacker_admission.Phase2DescriptorContractTests) ... ok
test_v2_descriptor_requires_resource_and_dependency_evidence (tests.test_tacker_admission.Phase2DescriptorContractTests) ... ok
test_v2_descriptor_resources_match_runtime_numeric_rules (tests.test_tacker_admission.Phase2DescriptorContractTests) ... ok
test_v2_manifest_semantic_mutations_fail_closed (tests.test_tacker_admission.Phase2DescriptorContractTests) ... ok
test_v2_manifests_are_validated_and_v1_evidence_cannot_label_v2 (tests.test_tacker_admission.Phase2DescriptorContractTests) ... ok
test_abi3_and_abi4_are_sibling_manifests_and_c4_is_versioned_4_2 (tests.test_tacker_admission.Phase31AdmissionContractTests) ... ok
test_phase31_descriptor_and_manifest_mutations_fail_closed (tests.test_tacker_admission.Phase31AdmissionContractTests) ... ok
test_phase31_disabled_packed_winner_becomes_enabled_v2_profile (tests.test_tacker_admission.Phase31AdmissionContractTests) ... ok
test_admission_failure_delegates_and_reports_reason (tests.test_tacker_pipeline.PipelineOrderingContractTest) ... ok
test_missing_profile_delegates_with_a_visible_profile_reason (tests.test_tacker_pipeline.PipelineOrderingContractTest) ... ok
test_qualification_mode_requires_explicit_override (tests.test_tacker_pipeline.PipelineOrderingContractTest) ... ok
test_sealed_profile_error_never_reopens_the_profile_path (tests.test_tacker_pipeline.PipelineOrderingContractTest) ... ok
test_two_frame_submission_is_d0_prefix1_mixed_suffix1_r1 (tests.test_tacker_pipeline.PipelineOrderingContractTest) ... ok
test_hash_mismatch_and_weakened_correctness_gate_are_rejected (tests.test_tacker_pipeline.ProfileContractTest) ... ok
test_invalid_incumbent_does_not_waive_two_stream_fps_floor (tests.test_tacker_pipeline.ProfileContractTest) ... ok
test_missing_profile_has_visible_fail_closed_reason (tests.test_tacker_pipeline.ProfileContractTest) ... ok
test_oversized_json_integer_fails_closed_without_overflowing (tests.test_tacker_pipeline.ProfileContractTest) ... ok
test_profile_file_uses_one_stable_regular_file_snapshot (tests.test_tacker_pipeline.ProfileContractTest) ... ok
test_qos_diagnostics_are_not_runtime_gates_but_quality_is (tests.test_tacker_pipeline.ProfileContractTest) ... ok
test_repository_profile_is_hashed_and_fail_closed (tests.test_tacker_pipeline.ProfileContractTest) ... ok
test_runtime_recomputes_bootstrap_and_rejects_forged_ci (tests.test_tacker_pipeline.ProfileContractTest) ... ok
test_runtime_recomputes_promotion_and_rejects_forged_incumbent_retention (tests.test_tacker_pipeline.ProfileContractTest) ... ok
test_runtime_rejects_nonformal_bootstrap_configuration (tests.test_tacker_pipeline.ProfileContractTest) ... ok
test_runtime_uses_benchmark_name_for_exact_and_equivalence_ties (tests.test_tacker_pipeline.ProfileContractTest) ... ok
test_schema_v1_is_read_only_compatible_without_old_performance_vetoes (tests.test_tacker_pipeline.ProfileContractTest) ... ok
test_selection_and_measurement_tampering_breaks_profile_hash (tests.test_tacker_pipeline.ProfileContractTest) ... ok
test_v2_incumbent_variant_is_not_hard_coded_to_legacy_id (tests.test_tacker_pipeline.ProfileContractTest) ... ok
test_v2_requires_tile_resource_and_equivalence_contracts (tests.test_tacker_pipeline.ProfileContractTest) ... ok
test_v2_selects_one_of_multiple_current_abi_candidates (tests.test_tacker_pipeline.ProfileContractTest) ... ok
test_valid_incumbent_retention_cannot_waive_two_stream_floor (tests.test_tacker_pipeline.ProfileContractTest) ... ok
test_physical_binding_adapter_uses_the_fixed_keyword_abi (tests.test_tacker_pipeline.SplitHeadContractTest) ... ok
test_selected_linear_is_not_repeated_and_physical_output_enters_suffix (tests.test_tacker_pipeline.SplitHeadContractTest) ... ok
test_camera_resolution_is_bound_to_profile (tests.test_tacker_pipeline.SupportGateContractTest) ... ok
test_exact_contract_admits_and_specific_changes_explain_fallback (tests.test_tacker_pipeline.SupportGateContractTest) ... ok
test_legacy_capability_identity_and_resources_fail_closed (tests.test_tacker_pipeline.SupportGateContractTest) ... ok
test_qualification_skips_only_measured_admission (tests.test_tacker_pipeline.SupportGateContractTest) ... ok
test_atomic_writer_rejects_nan_without_replacing_old_file (tests.test_tacker_leaf_profile.AtomicOutputContractTest) ... ok
test_failed_report_does_not_touch_measurement_targets (tests.test_tacker_leaf_profile.AtomicOutputContractTest) ... ok
test_injected_publication_failure_rolls_back_this_run (tests.test_tacker_leaf_profile.AtomicOutputContractTest) ... ok
test_passing_run_refuses_any_existing_target_without_writes (tests.test_tacker_leaf_profile.AtomicOutputContractTest) ... ok
test_report_temp_unlink_failure_recovers_as_complete_publication (tests.test_tacker_leaf_profile.AtomicOutputContractTest) ... ok
test_success_writes_all_machine_readable_documents (tests.test_tacker_leaf_profile.AtomicOutputContractTest) ... ok
test_candidate_profile_hashes_bind_exact_file_and_candidate (tests.test_tacker_leaf_profile.CandidateProfileContractTest) ... ok
test_disabled_v2_profile_resolves_unique_multi_head_variant (tests.test_tacker_leaf_profile.CandidateProfileContractTest) ... ok
test_invalid_or_nonfinite_candidate_profiles_fail_closed (tests.test_tacker_leaf_profile.CandidateProfileContractTest) ... ok
test_matrix_or_profile_identity_drift_fails_closed (tests.test_tacker_leaf_profile.CandidateProfileContractTest) ... ok
test_matrix_proves_exact_multi_head_member_and_claims (tests.test_tacker_leaf_profile.CandidateProfileContractTest) ... ok
test_matrix_proves_schema_v2_c0_while_preserving_v1_abi (tests.test_tacker_leaf_profile.CandidateProfileContractTest) ... ok
test_packed_mixed_tensor_rejects_disagreeing_context_rows (tests.test_tacker_leaf_profile.Phase31StandaloneDispatchContractTest) ... ok
test_packed_mixed_tensor_rejects_malformed_shapes (tests.test_tacker_leaf_profile.Phase31StandaloneDispatchContractTest) ... ok
test_packed_mixed_tensor_slices_h2_and_h5_by_selected_head (tests.test_tacker_leaf_profile.Phase31StandaloneDispatchContractTest) ... ok
test_packed_operands_share_input_and_dispatch_once (tests.test_tacker_leaf_profile.Phase31StandaloneDispatchContractTest) ... ok
test_whole_head_dispatch_preserves_each_tail (tests.test_tacker_leaf_profile.Phase31StandaloneDispatchContractTest) ... ok
test_checkpoint_and_config_chain_are_hashed_and_reverified (tests.test_tacker_leaf_profile.ResourceAndInputBindingContractTest) ... ok
test_execution_snapshot_precedes_config_load_and_supports_base_lists (tests.test_tacker_leaf_profile.ResourceAndInputBindingContractTest) ... ok
test_phase31_head_resources_select_backend_specific_symbols (tests.test_tacker_leaf_profile.ResourceAndInputBindingContractTest) ... ok
test_v2_head_resources_fail_closed_on_missing_or_zero_facts (tests.test_tacker_leaf_profile.ResourceAndInputBindingContractTest) ... ok
test_v2_head_resources_select_exact_worker_group_occupancy (tests.test_tacker_leaf_profile.ResourceAndInputBindingContractTest) ... ok
test_v2_raster_resources_bind_sealed_candidate_and_query_snapshot (tests.test_tacker_leaf_profile.ResourceAndInputBindingContractTest) ... ok
test_v2_raster_second_query_drift_is_rejected (tests.test_tacker_leaf_profile.ResourceAndInputBindingContractTest) ... ok
test_admission_fields_share_the_same_full_call_p50 (tests.test_tacker_leaf_profile.SchemaContractTest) ... ok
test_c0_variant_keeps_v1_physical_timing_semantics (tests.test_tacker_leaf_profile.SchemaContractTest) ... ok
test_nonfinite_p50_cannot_enter_output_schema (tests.test_tacker_leaf_profile.SchemaContractTest) ... ok
test_optional_gptb_is_diagnostic_not_an_admission_replacement (tests.test_tacker_leaf_profile.SchemaContractTest) ... ok
test_phase31_variant_documents_bind_packed_and_whole_backends (tests.test_tacker_leaf_profile.SchemaContractTest) ... ok
test_phase31_variant_metadata_rejects_backend_abi_mismatch (tests.test_tacker_leaf_profile.SchemaContractTest) ... ok
test_variant_documents_bind_profile_resources_and_each_head (tests.test_tacker_leaf_profile.SchemaContractTest) ... ok
test_variant_documents_fail_closed_on_hash_resource_or_head_drift (tests.test_tacker_leaf_profile.SchemaContractTest) ... ok
test_cli_has_fixed_workload_and_four_required_outputs (tests.test_tacker_leaf_profile.SourceAndCliContractTest) ... ok
test_cli_snapshots_configs_before_their_actual_loaders (tests.test_tacker_leaf_profile.SourceAndCliContractTest) ... ok
test_known_remote_dataset_basename_is_accepted (tests.test_tacker_leaf_profile.SourceAndCliContractTest) ... ok
test_module_import_is_torch_free (tests.test_tacker_leaf_profile.SourceAndCliContractTest) ... ok
test_no_per_iteration_device_synchronize_in_timer (tests.test_tacker_leaf_profile.SourceAndCliContractTest) ... ok
test_no_shell_or_subprocess_and_parseable_source (tests.test_tacker_leaf_profile.SourceAndCliContractTest) ... ok
test_source_profiles_real_split_head_and_public_mixed_calls (tests.test_tacker_leaf_profile.SourceAndCliContractTest) ... ok
test_nan_infinity_zero_and_empty_fail_closed (tests.test_tacker_leaf_profile.StatisticsContractTest) ... ok
test_single_sample_percentiles_are_defined (tests.test_tacker_leaf_profile.StatisticsContractTest) ... ok
test_summary_preserves_samples_and_interpolates_p95 (tests.test_tacker_leaf_profile.StatisticsContractTest) ... ok
test_actual_mode_or_fallback_is_rejected (tests.test_benchmark_tacker_fps.ContractTests) ... ok
test_correctness_json_accepts_direct_and_wrapped_candidate_mappings (tests.test_benchmark_tacker_fps.ContractTests) ... ok
test_disabled_v2_candidate_uses_verified_qualification_override (tests.test_benchmark_tacker_fps.ContractTests) ... ok
test_disabled_v2_profile_cannot_be_the_current_incumbent (tests.test_benchmark_tacker_fps.ContractTests) ... ok
test_driver_owned_passthrough_options_are_rejected (tests.test_benchmark_tacker_fps.ContractTests) ... ok
test_every_runtime_source_hash_is_required (tests.test_benchmark_tacker_fps.ContractTests) ... ok
test_loaded_correctness_still_requires_strict_boolean_valid (tests.test_benchmark_tacker_fps.ContractTests) ... ok
test_nullable_execution_and_profile_evidence_must_be_explicit (tests.test_benchmark_tacker_fps.ContractTests) ... ok
test_profile_render_source_hash_is_bound_to_repository_metadata (tests.test_benchmark_tacker_fps.ContractTests) ... ok
test_selection_input_digest_comes_from_the_parsed_byte_snapshot (tests.test_benchmark_tacker_fps.ContractTests) ... ok
test_selection_metadata_json_requires_an_object (tests.test_benchmark_tacker_fps.ContractTests) ... ok
test_tacker_profile_content_hash_is_bound_to_candidate (tests.test_benchmark_tacker_fps.ContractTests) ... ok
test_valid_metadata_accepts_unavailable_optional_nvidia_smi (tests.test_benchmark_tacker_fps.ContractTests) ... ok
test_view_workload_and_timing_drift_fail_closed (tests.test_benchmark_tacker_fps.ContractTests) ... ok
test_child_failure_stops_and_preserves_auditable_paths (tests.test_benchmark_tacker_fps.ExecutionTests) ... ok
test_cli_rejects_unknown_or_null_selection_metadata_before_running (tests.test_benchmark_tacker_fps.ExecutionTests) ... FPS benchmark failed closed; report: /tmp/tmpvmmj3l6e/unknown-report.json
  candidate_selection_metadata['serial'] contains unknown fields: ['typo_memory']
FPS benchmark failed closed; report: /tmp/tmpvmmj3l6e/null-report.json
  candidate_selection_metadata['serial'].peak_memory_bytes must be finite and >= 0
ok
test_contract_failure_from_child_metadata_is_fail_closed (tests.test_benchmark_tacker_fps.ExecutionTests) ... ok
test_hard_kill_in_first_child_resumes_from_empty_checkpoint (tests.test_benchmark_tacker_fps.ExecutionTests) ... ok
test_interrupted_session_resumes_only_missing_schedule_suffix (tests.test_benchmark_tacker_fps.ExecutionTests) ... ok
test_invalid_candidate_is_not_benchmarked_and_selection_is_reported (tests.test_benchmark_tacker_fps.ExecutionTests) ... ok
test_invalid_current_incumbent_is_skipped_and_replaced (tests.test_benchmark_tacker_fps.ExecutionTests) ... ok
test_main_does_not_clobber_output_created_during_the_run (tests.test_benchmark_tacker_fps.ExecutionTests) ... refusing to overwrite FPS benchmark report created during run: /tmp/tmpc6wmy5rp/raced-report.json
ok
test_main_loads_cli_selection_inputs_and_passes_them_to_runner (tests.test_benchmark_tacker_fps.ExecutionTests) ... ok
test_main_refuses_to_overwrite_an_existing_output (tests.test_benchmark_tacker_fps.ExecutionTests) ... refusing to overwrite existing FPS benchmark report: /tmp/tmpwij365_d/current.json
ok
test_mocked_subprocess_runs_unique_metadata_and_aggregates (tests.test_benchmark_tacker_fps.ExecutionTests) ... ok
test_parser_requires_correctness_but_keeps_metadata_optional (tests.test_benchmark_tacker_fps.ExecutionTests) ... ok
test_repository_dirty_or_loaded_binary_drift_fails_the_run (tests.test_benchmark_tacker_fps.ExecutionTests) ... ok
test_resume_cannot_reuse_stale_metadata_from_failed_attempt (tests.test_benchmark_tacker_fps.ExecutionTests) ... ok
test_resume_identity_binds_iteration_checkpoint_bytes (tests.test_benchmark_tacker_fps.ExecutionTests) ... ok
test_resume_identity_binds_recursive_config_base_bytes (tests.test_benchmark_tacker_fps.ExecutionTests) ... ok
test_resume_identity_binds_selection_input_path_and_raw_bytes (tests.test_benchmark_tacker_fps.ExecutionTests) ... ok
test_resume_rejects_changed_recovered_metadata_before_running (tests.test_benchmark_tacker_fps.ExecutionTests) ... ok
test_resume_rejects_checkpoint_record_schema_drift (tests.test_benchmark_tacker_fps.ExecutionTests) ... ok
test_resume_rejects_schedule_identity_drift (tests.test_benchmark_tacker_fps.ExecutionTests) ... ok
test_abba_is_deterministic_balanced_and_reversed_in_pairs (tests.test_benchmark_tacker_fps.ScheduleTests) ... ok
test_round_robin_rotates_one_position_each_round (tests.test_benchmark_tacker_fps.ScheduleTests) ... ok
test_builtin_abi_defaults_prefer_simpler_baselines_when_equivalent (tests.test_benchmark_tacker_fps.SelectionTests) ... ok
test_correctness_invalid_candidate_cannot_enter_effective_ranking (tests.test_benchmark_tacker_fps.SelectionTests) ... ok
test_deployment_never_uses_equivalent_candidate_below_two_stream (tests.test_benchmark_tacker_fps.SelectionTests) ... ok
test_equivalence_preference_is_stable_but_argmax_remains_exact (tests.test_benchmark_tacker_fps.SelectionTests) ... ok
test_explicit_qualification_map_must_cover_candidates_exactly (tests.test_benchmark_tacker_fps.SelectionTests) ... ok
test_invalid_incumbent_is_replaced_without_ratio_or_bootstrap_gate (tests.test_benchmark_tacker_fps.SelectionTests) ... ok
test_missing_tie_break_metadata_falls_back_to_name (tests.test_benchmark_tacker_fps.SelectionTests) ... ok
test_oversized_json_integer_is_rejected_as_nonfinite (tests.test_benchmark_tacker_fps.SelectionTests) ... ok
test_promotion_requires_ratio_and_strict_confidence_lower_bound (tests.test_benchmark_tacker_fps.SelectionTests) ... ok
test_raster_and_leaf_diagnostics_never_veto_e2e_winner (tests.test_benchmark_tacker_fps.SelectionTests) ... ok
test_serial_and_two_stream_must_remain_valid_safety_baselines (tests.test_benchmark_tacker_fps.SelectionTests) ... ok
test_valid_incumbent_below_two_stream_uses_the_baseline_floor (tests.test_benchmark_tacker_fps.SelectionTests) ... ok
test_atomic_no_clobber_publish_preserves_existing_file (tests.test_benchmark_tacker_fps.SourceContractTests) ... ok
test_atomic_report_rejects_nan_without_replacing_previous_file (tests.test_benchmark_tacker_fps.SourceContractTests) ... ok
test_compare_and_swap_rejects_changed_report (tests.test_benchmark_tacker_fps.SourceContractTests) ... ok
test_python37_grammar_and_non_shell_subprocess_contract (tests.test_benchmark_tacker_fps.SourceContractTests) ... ok
test_resume_identity_covers_required_provenance_sources (tests.test_benchmark_tacker_fps.SourceContractTests) ... ok
test_aggregate_ranks_median_fps_not_latency_diagnostics (tests.test_benchmark_tacker_fps.StatisticsTests) ... ok
test_formal_peak_memory_fills_missing_tie_break_conservatively (tests.test_benchmark_tacker_fps.StatisticsTests) ... ok
test_paired_bootstrap_is_deterministic_and_preserves_ratios (tests.test_benchmark_tacker_fps.StatisticsTests) ... ok
test_prefill_drain_and_steady_state_counts (tests.test_validate_tacker_modes.SequenceContractTests) ... ok
test_python37_grammar (tests.test_validate_tacker_modes.SequenceContractTests) ... ok
test_report_seals_order_counts_and_per_view_deltas (tests.test_validate_tacker_modes.SequenceContractTests) ... ok

----------------------------------------------------------------------
Ran 241 tests in 167.344s

OK
Tacker admission passed. Report: /tmp/tmpdy5fm5_l/report.json
Enabled profile: /tmp/tmpdy5fm5_l/enabled.json
Tacker admission passed. Report: /tmp/tmp04nnb5mw/report.json
Enabled profile: /tmp/tmp04nnb5mw/enabled.json
FPS benchmark passed: current_tacker is the experimental winner at median 100.000 FPS; deployment winner: current_tacker; report: /tmp/tmpkiqel_xg/cli-report.json
